{
  "version": "1.5.0",
  "plugins_used": [
    {
      "name": "ArtifactoryDetector"
    },
    {
      "name": "AWSKeyDetector"
    },
    {
      "name": "AzureStorageKeyDetector"
    },
    {
      "name": "Base64HighEntropyString",
      "limit": 4.5
    },
    {
      "name": "BasicAuthDetector"
    },
    {
      "name": "CloudantDetector"
    },
    {
      "name": "DiscordBotTokenDetector"
    },
    {
      "name": "GitHubTokenDetector"
    },
    {
      "name": "GitLabTokenDetector"
    },
    {
      "name": "HexHighEntropyString",
      "limit": 3.0
    },
    {
      "name": "IbmCloudIamDetector"
    },
    {
      "name": "IbmCosHmacDetector"
    },
    {
      "name": "IPPublicDetector"
    },
    {
      "name": "JwtTokenDetector"
    },
    {
      "name": "KeywordDetector",
      "keyword_exclude": ""
    },
    {
      "name": "MailchimpDetector"
    },
    {
      "name": "NpmDetector"
    },
    {
      "name": "OpenAIDetector"
    },
    {
      "name": "PrivateKeyDetector"
    },
    {
      "name": "PypiTokenDetector"
    },
    {
      "name": "SendGridDetector"
    },
    {
      "name": "SlackDetector"
    },
    {
      "name": "SoftlayerDetector"
    },
    {
      "name": "SquareOAuthDetector"
    },
    {
      "name": "StripeDetector"
    },
    {
      "name": "TelegramBotTokenDetector"
    },
    {
      "name": "TwilioKeyDetector"
    }
  ],
  "filters_used": [
    {
      "path": "detect_secrets.filters.allowlist.is_line_allowlisted"
    },
    {
      "path": "detect_secrets.filters.common.is_baseline_file",
      "filename": ".secrets.baseline"
    },
    {
      "path": "detect_secrets.filters.common.is_ignored_due_to_verification_policies",
      "min_level": 2
    },
    {
      "path": "detect_secrets.filters.heuristic.is_indirect_reference"
    },
    {
      "path": "detect_secrets.filters.heuristic.is_likely_id_string"
    },
    {
      "path": "detect_secrets.filters.heuristic.is_lock_file"
    },
    {
      "path": "detect_secrets.filters.heuristic.is_not_alphanumeric_string"
    },
    {
      "path": "detect_secrets.filters.heuristic.is_potential_uuid"
    },
    {
      "path": "detect_secrets.filters.heuristic.is_prefixed_with_dollar_sign"
    },
    {
      "path": "detect_secrets.filters.heuristic.is_sequential_string"
    },
    {
      "path": "detect_secrets.filters.heuristic.is_swagger_file"
    },
    {
      "path": "detect_secrets.filters.heuristic.is_templated_secret"
    }
  ],
  "results": {
    ".env.example": [
      {
        "type": "Private Key",
        "filename": ".env.example",
        "hashed_secret": "be4fc4886bd949b369d5e092eb87494f12e57e5b",
        "is_verified": false,
        "line_number": 38
      }
    ],
    ".github/workflows/pr-docker-compose-healthcheck.yml": [
      {
        "type": "Secret Keyword",
        "filename": ".github/workflows/pr-docker-compose-healthcheck.yml",
        "hashed_secret": "e6f3fb6e8118dfe3df92b0b0d4cf672859303630",
        "is_verified": false,
        "line_number": 28
      }
    ],
    "README.ja.md": [
      {
        "type": "Secret Keyword",
        "filename": "README.ja.md",
        "hashed_secret": "9ad19750930e5cf133e024641c00daf5fc90c700",
        "is_verified": false,
        "line_number": 75
      },
      {
        "type": "Secret Keyword",
        "filename": "README.ja.md",
        "hashed_secret": "964d6e3715b120a8b51291907149a6c3ec5eba33",
        "is_verified": false,
        "line_number": 440
      },
      {
        "type": "Secret Keyword",
        "filename": "README.ja.md",
        "hashed_secret": "8f1285aced000a0e7dce2d2efe438a615672ca5a",
        "is_verified": false,
        "line_number": 441
      },
      {
        "type": "Secret Keyword",
        "filename": "README.ja.md",
        "hashed_secret": "bf3d53aec0c3e1ca54883fa28a4e87e01e2cf2e7",
        "is_verified": false,
        "line_number": 507
      },
      {
        "type": "Hex High Entropy String",
        "filename": "README.ja.md",
        "hashed_secret": "5dd60674085071040309037a842aa5b132b51d07",
        "is_verified": false,
        "line_number": 564
      },
      {
        "type": "Secret Keyword",
        "filename": "README.ja.md",
        "hashed_secret": "5dd60674085071040309037a842aa5b132b51d07",
        "is_verified": false,
        "line_number": 564
      },
      {
        "type": "Secret Keyword",
        "filename": "README.ja.md",
        "hashed_secret": "be7503b9b7f54f98ca0e3a57c1f2d59e8dada887",
        "is_verified": false,
        "line_number": 606
      },
      {
        "type": "Secret Keyword",
        "filename": "README.ja.md",
        "hashed_secret": "78d15471cb89c08384c7560b7771b5ab3c5c0a77",
        "is_verified": false,
        "line_number": 607
      },
      {
        "type": "Secret Keyword",
        "filename": "README.ja.md",
        "hashed_secret": "507b2515841c0f747b78a81c31f829568d0626c1",
        "is_verified": false,
        "line_number": 618
      },
      {
        "type": "Secret Keyword",
        "filename": "README.ja.md",
        "hashed_secret": "92fbaf1c51a079f22c69767fd27d1c7e4ffdcb9d",
        "is_verified": false,
        "line_number": 619
      }
    ],
    "SECURITY.md": [
      {
        "type": "Secret Keyword",
        "filename": "SECURITY.md",
        "hashed_secret": "9ad19750930e5cf133e024641c00daf5fc90c700",
        "is_verified": false,
        "line_number": 146
      },
      {
        "type": "Secret Keyword",
        "filename": "SECURITY.md",
        "hashed_secret": "d1b7e1c27fc85c2bb6e5f2923451bbc76b156e72",
        "is_verified": false,
        "line_number": 147
      },
      {
        "type": "Secret Keyword",
        "filename": "SECURITY.md",
        "hashed_secret": "c772f9581550b468734c14172e3abb8e8b617908",
        "is_verified": false,
        "line_number": 150
      }
    ],
    "api/backtest.go": [
      {
        "type": "Secret Keyword",
        "filename": "api/backtest.go",
        "hashed_secret": "fca71afec681b7c2932610046e8e524820317e47",
        "is_verified": false,
        "line_number": 852
      }
    ],
    "api/utils_test.go": [
      {
        "type": "Base64 High Entropy String",
        "filename": "api/utils_test.go",
        "hashed_secret": "e1528ab28b5ab47ea514f383a9894649d9711c11",
        "is_verified": false,
        "line_number": 25
      },
      {
        "type": "Secret Keyword",
        "filename": "api/utils_test.go",
        "hashed_secret": "18ec4869fdb570a08e305efcf6048db412f5987c",
        "is_verified": false,
        "line_number": 82
      },
      {
        "type": "Secret Keyword",
        "filename": "api/utils_test.go",
        "hashed_secret": "7dc1a2b06e27ad289c27cc848ad43eb30877f7fe",
        "is_verified": false,
        "line_number": 133
      }
    ],
    "config/config.go": [
      {
        "type": "Secret Keyword",
        "filename": "config/config.go",
        "hashed_secret": "81489e5b46ab1fa197e4461020e67ef88925c39f",
        "is_verified": false,
        "line_number": 53
      }
    ],
    "crypto/crypto.go": [
      {
        "type": "Secret Keyword",
        "filename": "crypto/crypto.go",
        "hashed_secret": "75b6b8871059d1bda4099f3f6fc651cb0933cf5b",
        "is_verified": false,
        "line_number": 29
      }
    ],
    "decision/engine.go": [
      {
        "type": "Secret Keyword",
        "filename": "decision/engine.go",
        "hashed_secret": "eb8271733e3862b06d6ee79792c393f19192f228",
        "is_verified": false,
        "line_number": 687
      }
    ],
    "docs/community/bounty-aster.md": [
      {
        "type": "Secret Keyword",
        "filename": "docs/community/bounty-aster.md",
        "hashed_secret": "b60d121b438a380c343d5ec3c2037564b82ffef3",
        "is_verified": false,
        "line_number": 33
      }
    ],
    "docs/community/bounty-hyperliquid.md": [
      {
        "type": "Secret Keyword",
        "filename": "docs/community/bounty-hyperliquid.md",
        "hashed_secret": "b60d121b438a380c343d5ec3c2037564b82ffef3",
        "is_verified": false,
        "line_number": 33
      }
    ],
    "docs/getting-started/README.md": [
      {
        "type": "Secret Keyword",
        "filename": "docs/getting-started/README.md",
        "hashed_secret": "2c66c970ae52e0b2bf92d6130875a031e403435c",
        "is_verified": false,
        "line_number": 80
      }
    ],
    "docs/getting-started/custom-api.en.md": [
      {
        "type": "Secret Keyword",
        "filename": "docs/getting-started/custom-api.en.md",
        "hashed_secret": "5a64583feaa965c0ad99d0f1494b1e66b64f5600",
        "is_verified": false,
        "line_number": 26
      },
      {
        "type": "Secret Keyword",
        "filename": "docs/getting-started/custom-api.en.md",
        "hashed_secret": "fed06dad98fd240dc4741aac499d6af66f0af6ab",
        "is_verified": false,
        "line_number": 27
      },
      {
        "type": "Secret Keyword",
        "filename": "docs/getting-started/custom-api.en.md",
        "hashed_secret": "5c327ea40bef3b7be6b98a2e92e290a5893c35bb",
        "is_verified": false,
        "line_number": 30
      },
      {
        "type": "Secret Keyword",
        "filename": "docs/getting-started/custom-api.en.md",
        "hashed_secret": "36cc070f10e2d5e10a30051412cbfca26665ca26",
        "is_verified": false,
        "line_number": 57
      },
      {
        "type": "Secret Keyword",
        "filename": "docs/getting-started/custom-api.en.md",
        "hashed_secret": "3d08364b3ff3f285cbd2df6756b558664fa2d23e",
        "is_verified": false,
        "line_number": 68
      },
      {
        "type": "Secret Keyword",
        "filename": "docs/getting-started/custom-api.en.md",
        "hashed_secret": "8ed4322e8e2790b8c928d381ce8d07cfd966e909",
        "is_verified": false,
        "line_number": 79
      },
      {
        "type": "Secret Keyword",
        "filename": "docs/getting-started/custom-api.en.md",
        "hashed_secret": "5d395f245794c71d83c91fd0a3292e0dddb75be2",
        "is_verified": false,
        "line_number": 90
      },
      {
        "type": "Secret Keyword",
        "filename": "docs/getting-started/custom-api.en.md",
        "hashed_secret": "11fa7c37d697f30e6aee828b4426a10f83ab2380",
        "is_verified": false,
        "line_number": 103
      },
      {
        "type": "Secret Keyword",
        "filename": "docs/getting-started/custom-api.en.md",
        "hashed_secret": "9352df1c0850d2e36c7f44567e1c8e124d7b0d92",
        "is_verified": false,
        "line_number": 150
      }
    ],
    "docs/getting-started/custom-api.md": [
      {
        "type": "Secret Keyword",
        "filename": "docs/getting-started/custom-api.md",
        "hashed_secret": "5a64583feaa965c0ad99d0f1494b1e66b64f5600",
        "is_verified": false,
        "line_number": 26
      },
      {
        "type": "Secret Keyword",
        "filename": "docs/getting-started/custom-api.md",
        "hashed_secret": "fed06dad98fd240dc4741aac499d6af66f0af6ab",
        "is_verified": false,
        "line_number": 27
      },
      {
        "type": "Secret Keyword",
        "filename": "docs/getting-started/custom-api.md",
        "hashed_secret": "5c327ea40bef3b7be6b98a2e92e290a5893c35bb",
        "is_verified": false,
        "line_number": 30
      },
      {
        "type": "Secret Keyword",
        "filename": "docs/getting-started/custom-api.md",
        "hashed_secret": "36cc070f10e2d5e10a30051412cbfca26665ca26",
        "is_verified": false,
        "line_number": 57
      },
      {
        "type": "Secret Keyword",
        "filename": "docs/getting-started/custom-api.md",
        "hashed_secret": "3d08364b3ff3f285cbd2df6756b558664fa2d23e",
        "is_verified": false,
        "line_number": 68
      },
      {
        "type": "Secret Keyword",
        "filename": "docs/getting-started/custom-api.md",
        "hashed_secret": "8ed4322e8e2790b8c928d381ce8d07cfd966e909",
        "is_verified": false,
        "line_number": 79
      },
      {
        "type": "Secret Keyword",
        "filename": "docs/getting-started/custom-api.md",
        "hashed_secret": "5d395f245794c71d83c91fd0a3292e0dddb75be2",
        "is_verified": false,
        "line_number": 90
      },
      {
        "type": "Secret Keyword",
        "filename": "docs/getting-started/custom-api.md",
        "hashed_secret": "11fa7c37d697f30e6aee828b4426a10f83ab2380",
        "is_verified": false,
        "line_number": 103
      },
      {
        "type": "Secret Keyword",
        "filename": "docs/getting-started/custom-api.md",
        "hashed_secret": "9352df1c0850d2e36c7f44567e1c8e124d7b0d92",
        "is_verified": false,
        "line_number": 150
      }
    ],
    "manager/trader_manager.go": [
      {
        "type": "Secret Keyword",
        "filename": "manager/trader_manager.go",
        "hashed_secret": "c0be8f3f75d359c1022feea39b298b810c684ee6",
        "is_verified": false,
        "line_number": 669
      },
      {
        "type": "Secret Keyword",
        "filename": "manager/trader_manager.go",
        "hashed_secret": "85b27c4d46faa95693cddd1bff7af8a8a75cb35a",
        "is_verified": false,
        "line_number": 670
      },
      {
        "type": "Secret Keyword",
        "filename": "manager/trader_manager.go",
        "hashed_secret": "bef767ad7e8338e8972e87af96f36d8d50dbfe09",
        "is_verified": false,
        "line_number": 688
      },
      {
        "type": "Secret Keyword",
        "filename": "manager/trader_manager.go",
        "hashed_secret": "0c0878a05325cbbd2c5ebf556532c35dfa76f1fa",
        "is_verified": false,
        "line_number": 690
      },
      {
        "type": "Secret Keyword",
        "filename": "manager/trader_manager.go",
        "hashed_secret": "1a27cd0a9f7017f7479d8f80df8811f8cb991c1e",
        "is_verified": false,
        "line_number": 692
      },
      {
        "type": "Secret Keyword",
        "filename": "manager/trader_manager.go",
        "hashed_secret": "acc45cc543787d07dd0af13d059ee2d7bb3e0b77",
        "is_verified": false,
        "line_number": 693
      },
      {
        "type": "Secret Keyword",
        "filename": "manager/trader_manager.go",
        "hashed_secret": "04c3e2765d8d3fc06524f418f6a90b667c34e8b5",
        "is_verified": false,
        "line_number": 705
      }
    ],
    "mcp/claude_client.go": [
      {
        "type": "Secret Keyword",
        "filename": "mcp/claude_client.go",
        "hashed_secret": "fca71afec681b7c2932610046e8e524820317e47",
        "is_verified": false,
        "line_number": 51
      }
    ],
    "mcp/client.go": [
      {
        "type": "Secret Keyword",
        "filename": "mcp/client.go",
        "hashed_secret": "fca71afec681b7c2932610046e8e524820317e47",
        "is_verified": false,
        "line_number": 130
      }
    ],
    "mcp/client_test.go": [
      {
        "type": "Secret Keyword",
        "filename": "mcp/client_test.go",
        "hashed_secret": "3acfb2c2b433c0ea7ff107e33df91b18e52f960f",
        "is_verified": false,
        "line_number": 69
      }
    ],
    "mcp/deepseek_client.go": [
      {
        "type": "Secret Keyword",
        "filename": "mcp/deepseek_client.go",
        "hashed_secret": "fca71afec681b7c2932610046e8e524820317e47",
        "is_verified": false,
        "line_number": 62
      }
    ],
    "mcp/deepseek_client_test.go": [
      {
        "type": "Secret Keyword",
        "filename": "mcp/deepseek_client_test.go",
        "hashed_secret": "63e18a728c13bae73ca34b41d3b9fd5180a9d183",
        "is_verified": false,
        "line_number": 50
      },
      {
        "type": "Secret Keyword",
        "filename": "mcp/deepseek_client_test.go",
        "hashed_secret": "4b12405cdc52034cca00d55635c30d919dd152cd",
        "is_verified": false,
        "line_number": 70
      },
      {
        "type": "Secret Keyword",
        "filename": "mcp/deepseek_client_test.go",
        "hashed_secret": "6da0d1d4016236c89c6ffa4d50173e760ffc95f6",
        "is_verified": false,
        "line_number": 103
      }
    ],
    "mcp/gemini_client.go": [
      {
        "type": "Secret Keyword",
        "filename": "mcp/gemini_client.go",
        "hashed_secret": "fca71afec681b7c2932610046e8e524820317e47",
        "is_verified": false,
        "line_number": 49
      }
    ],
    "mcp/grok_client.go": [
      {
        "type": "Secret Keyword",
        "filename": "mcp/grok_client.go",
        "hashed_secret": "fca71afec681b7c2932610046e8e524820317e47",
        "is_verified": false,
        "line_number": 49
      }
    ],
    "mcp/kimi_client.go": [
      {
        "type": "Secret Keyword",
        "filename": "mcp/kimi_client.go",
        "hashed_secret": "fca71afec681b7c2932610046e8e524820317e47",
        "is_verified": false,
        "line_number": 49
      }
    ],
    "mcp/openai_client.go": [
      {
        "type": "Secret Keyword",
        "filename": "mcp/openai_client.go",
        "hashed_secret": "fca71afec681b7c2932610046e8e524820317e47",
        "is_verified": false,
        "line_number": 49
      }
    ],
    "mcp/options.go": [
      {
        "type": "Secret Keyword",
        "filename": "mcp/options.go",
        "hashed_secret": "fca71afec681b7c2932610046e8e524820317e47",
        "is_verified": false,
        "line_number": 102
      }
    ],
    "mcp/options_test.go": [
      {
        "type": "Secret Keyword",
        "filename": "mcp/options_test.go",
        "hashed_secret": "69dba6dfc0be932d10cdbfaae770c300cd7e0e3c",
        "is_verified": false,
        "line_number": 26
      },
      {
        "type": "Secret Keyword",
        "filename": "mcp/options_test.go",
        "hashed_secret": "89af632a324ec8b670369116fccc68f23667ff7e",
        "is_verified": false,
        "line_number": 130
      },
      {
        "type": "Secret Keyword",
        "filename": "mcp/options_test.go",
        "hashed_secret": "6f06d73269620aba3fb7c39a010af3aad8d0e080",
        "is_verified": false,
        "line_number": 151
      }
    ],
    "mcp/qwen_client.go": [
      {
        "type": "Secret Keyword",
        "filename": "mcp/qwen_client.go",
        "hashed_secret": "fca71afec681b7c2932610046e8e524820317e47",
        "is_verified": false,
        "line_number": 62
      }
    ],
    "mcp/qwen_client_test.go": [
      {
        "type": "Secret Keyword",
        "filename": "mcp/qwen_client_test.go",
        "hashed_secret": "c6160797b29ab8f21e2a3953edd967e784a810e1",
        "is_verified": false,
        "line_number": 50
      },
      {
        "type": "Secret Keyword",
        "filename": "mcp/qwen_client_test.go",
        "hashed_secret": "4b12405cdc52034cca00d55635c30d919dd152cd",
        "is_verified": false,
        "line_number": 70
      },
      {
        "type": "Secret Keyword",
        "filename": "mcp/qwen_client_test.go",
        "hashed_secret": "6da0d1d4016236c89c6ffa4d50173e760ffc95f6",
        "is_verified": false,
        "line_number": 103
      }
    ],
    "trader/aster_trader_test.go": [
      {
        "type": "Hex High Entropy String",
        "filename": "trader/aster_trader_test.go",
        "hashed_secret": "ce4303f6b22257d9c9cf314ef1dee4707c6e1c13",
        "is_verified": false,
        "line_number": 258
      }
    ],
    "trader/auto_trader.go": [
      {
        "type": "Secret Keyword",
        "filename": "trader/auto_trader.go",
        "hashed_secret": "02c8ca7bea6ac6a23b10b710ebabeb5015a122bb",
        "is_verified": false,
        "line_number": 181
      },
      {
        "type": "Secret Keyword",
        "filename": "trader/auto_trader.go",
        "hashed_secret": "5643ca3b34ace6aafdf3b479eb4b0fdf69d40143",
        "is_verified": false,
        "line_number": 183
      },
      {
        "type": "Secret Keyword",
        "filename": "trader/auto_trader.go",
        "hashed_secret": "3c9cec8287187b920c471a935456a0e8dbafa4c7",
        "is_verified": false,
        "line_number": 195
      }
    ],
    "trader/balance_test.go": [
      {
        "type": "Secret Keyword",
        "filename": "trader/balance_test.go",
        "hashed_secret": "190847ec9f1b619174e16fa82b6f503e145e8120",
        "is_verified": false,
        "line_number": 11
      }
    ],
    "trader/hyperliquid_trader.go": [
      {
        "type": "Secret Keyword",
        "filename": "trader/hyperliquid_trader.go",
        "hashed_secret": "d5aa6dbb68d4f204c52b7cae67724ef471d438e8",
        "is_verified": false,
        "line_number": 105
      }
    ],
    "trader/hyperliquid_trader_test.go": [
      {
        "type": "Hex High Entropy String",
        "filename": "trader/hyperliquid_trader_test.go",
        "hashed_secret": "ce4303f6b22257d9c9cf314ef1dee4707c6e1c13",
        "is_verified": false,
        "line_number": 288
      }
    ],
    "web/src/components/RegisterPage.test.tsx": [
      {
        "type": "Secret Keyword",
        "filename": "web/src/components/RegisterPage.test.tsx",
        "hashed_secret": "a6f9656f4481dd8999a7da13ef1ace9d3ecce7cd",
        "is_verified": false,
        "line_number": 26
      },
      {
        "type": "Secret Keyword",
        "filename": "web/src/components/RegisterPage.test.tsx",
        "hashed_secret": "f1715b258a9d437ece505d88523c35e2330cb6c1",
        "is_verified": false,
        "line_number": 30
      },
      {
        "type": "Secret Keyword",
        "filename": "web/src/components/RegisterPage.test.tsx",
        "hashed_secret": "6052acf657148ec39725c596e25bd0612fd301a6",
        "is_verified": false,
        "line_number": 79
      },
      {
        "type": "Secret Keyword",
        "filename": "web/src/components/RegisterPage.test.tsx",
        "hashed_secret": "29c48a6839cce1bdf6566603b617f01b11a5c585",
        "is_verified": false,
        "line_number": 81
      },
      {
        "type": "Secret Keyword",
        "filename": "web/src/components/RegisterPage.test.tsx",
        "hashed_secret": "056e48d3e79a33cfeef24b7b655efecc7755bd5a",
        "is_verified": false,
        "line_number": 189
      },
      {
        "type": "Secret Keyword",
        "filename": "web/src/components/RegisterPage.test.tsx",
        "hashed_secret": "fbcedd0b309b0cc6c9ebd0eef5049d8b4f37eaea",
        "is_verified": false,
        "line_number": 283
      },
      {
        "type": "Secret Keyword",
        "filename": "web/src/components/RegisterPage.test.tsx",
        "hashed_secret": "5d676b5444a0400272ea133ddf8283a81bb6c174",
        "is_verified": false,
        "line_number": 288
      },
      {
        "type": "Secret Keyword",
        "filename": "web/src/components/RegisterPage.test.tsx",
        "hashed_secret": "ad793f63da84e1e9ef3845def7e7ed219f4cb1a5",
        "is_verified": false,
        "line_number": 293
      },
      {
        "type": "Secret Keyword",
        "filename": "web/src/components/RegisterPage.test.tsx",
        "hashed_secret": "d7601cdab54321b5ca83e3185f87696c72519830",
        "is_verified": false,
        "line_number": 298
      },
      {
        "type": "Secret Keyword",
        "filename": "web/src/components/RegisterPage.test.tsx",
        "hashed_secret": "8bfada821419f7b1c35da6470b04b8c1b0c72d91",
        "is_verified": false,
        "line_number": 337
      },
      {
        "type": "Secret Keyword",
        "filename": "web/src/components/RegisterPage.test.tsx",
        "hashed_secret": "398e1a37fc3469571e304c262ebf6ac077be7743",
        "is_verified": false,
        "line_number": 339
      },
      {
        "type": "Secret Keyword",
        "filename": "web/src/components/RegisterPage.test.tsx",
        "hashed_secret": "0d0c65e86c444a039b7cadc6f83ee3708cdb9660",
        "is_verified": false,
        "line_number": 340
      }
    ],
    "web/src/constants/branding.ts": [
      {
        "type": "Base64 High Entropy String",
        "filename": "web/src/constants/branding.ts",
        "hashed_secret": "ad4162226bd49054a7653708bcb270391c20d660",
        "is_verified": false,
        "line_number": 10
      },
      {
        "type": "Base64 High Entropy String",
        "filename": "web/src/constants/branding.ts",
        "hashed_secret": "e5a48afebbad8d9b0ae8ad896c5e02e23429687e",
        "is_verified": false,
        "line_number": 11
      },
      {
        "type": "Base64 High Entropy String",
        "filename": "web/src/constants/branding.ts",
        "hashed_secret": "49d424481a044efb58a7014bcae8ab1f4ee22f5e",
        "is_verified": false,
        "line_number": 12
      }
    ],
    "web/src/i18n/translations.ts": [
      {
        "type": "Secret Keyword",
        "filename": "web/src/i18n/translations.ts",
        "hashed_secret": "47acd2028cf81b5da88ddeedb2aea4eca4b71fbd",
        "is_verified": false,
        "line_number": 325
      },
      {
        "type": "Secret Keyword",
        "filename": "web/src/i18n/translations.ts",
        "hashed_secret": "d5c2f94e17f37b282ced1df88384b2ebc31efe64",
        "is_verified": false,
        "line_number": 327
      },
      {
        "type": "Secret Keyword",
        "filename": "web/src/i18n/translations.ts",
        "hashed_secret": "2969a1865c85d97d48f258ef6f7c6a4b46290614",
        "is_verified": false,
        "line_number": 333
      },
      {
        "type": "Secret Keyword",
        "filename": "web/src/i18n/translations.ts",
        "hashed_secret": "ade5ddaf2557ee93225fc565adbfe1ade3bae3a0",
        "is_verified": false,
        "line_number": 334
      },
      {
        "type": "Secret Keyword",
        "filename": "web/src/i18n/translations.ts",
        "hashed_secret": "d498ee8f0b2ce4ef6f3b7440a655737afafe9c85",
        "is_verified": false,
        "line_number": 339
      },
      {
        "type": "Secret Keyword",
        "filename": "web/src/i18n/translations.ts",
        "hashed_secret": "8f80528967bb6c77f7a114357a0d01c824b87465",
        "is_verified": false,
        "line_number": 343
      },
      {
        "type": "Secret Keyword",
        "filename": "web/src/i18n/translations.ts",
        "hashed_secret": "bb2f3b8d6c87a3da227e2756fcc01b50f1e7fbb7",
        "is_verified": false,
        "line_number": 355
      },
      {
        "type": "Secret Keyword",
        "filename": "web/src/i18n/translations.ts",
        "hashed_secret": "93d6bc404e9d71dcf9a8a479c39f2fb57ee795b7",
        "is_verified": false,
        "line_number": 356
      },
      {
        "type": "Secret Keyword",
        "filename": "web/src/i18n/translations.ts",
        "hashed_secret": "4d23174a604cfd996c0b3fde21c17e7b8a550109",
        "is_verified": false,
        "line_number": 377
      },
      {
        "type": "Secret Keyword",
        "filename": "web/src/i18n/translations.ts",
        "hashed_secret": "f82247b17c424d761ebd95dda1ebfa9effa25cad",
        "is_verified": false,
        "line_number": 380
      },
      {
        "type": "Secret Keyword",
        "filename": "web/src/i18n/translations.ts",
        "hashed_secret": "f4cb5bde1c0ddc8884997f2a9d28a33719d126d7",
        "is_verified": false,
        "line_number": 384
      },
      {
        "type": "Secret Keyword",
        "filename": "web/src/i18n/translations.ts",
        "hashed_secret": "e3d44bfef8875f1e6a41d8ea8fc287b619b3a6b2",
        "is_verified": false,
        "line_number": 385
      },
      {
        "type": "Secret Keyword",
        "filename": "web/src/i18n/translations.ts",
        "hashed_secret": "7d03780388ad7f4dc949df920ae54c1cf8b47f50",
        "is_verified": false,
        "line_number": 387
      },
      {
        "type": "Secret Keyword",
        "filename": "web/src/i18n/translations.ts",
        "hashed_secret": "37687677dad904beacd5ba35d89a498243fa2992",
        "is_verified": false,
        "line_number": 402
      },
      {
        "type": "Secret Keyword",
        "filename": "web/src/i18n/translations.ts",
        "hashed_secret": "65b91f3a4fd5b796d4706b6c469f540092a39e5e",
        "is_verified": false,
        "line_number": 541
      },
      {
        "type": "Secret Keyword",
        "filename": "web/src/i18n/translations.ts",
        "hashed_secret": "8be3c943b1609fffbfc51aad666d0a04adf83c9d",
        "is_verified": false,
        "line_number": 595
      },
      {
        "type": "Secret Keyword",
        "filename": "web/src/i18n/translations.ts",
        "hashed_secret": "c2d404cb7bad34de0af2136b8efa809ea96170fa",
        "is_verified": false,
        "line_number": 596
      },
      {
        "type": "Secret Keyword",
        "filename": "web/src/i18n/translations.ts",
        "hashed_secret": "1378167d526696147e06dc809e7bc906e36fd7d1",
        "is_verified": false,
        "line_number": 599
      },
      {
        "type": "Secret Keyword",
        "filename": "web/src/i18n/translations.ts",
        "hashed_secret": "e7647205d8e07bce10e91ad8cf00f627ddaa386a",
        "is_verified": false,
        "line_number": 600
      },
      {
        "type": "Secret Keyword",
        "filename": "web/src/i18n/translations.ts",
        "hashed_secret": "a1b02d0a27c592adecd00f859d25948350ead21e",
        "is_verified": false,
        "line_number": 601
      },
      {
        "type": "Secret Keyword",
        "filename": "web/src/i18n/translations.ts",
        "hashed_secret": "77c6662e8b7e1f664506df1c96a85385fdd0db3f",
        "is_verified": false,
        "line_number": 602
      },
      {
        "type": "Secret Keyword",
        "filename": "web/src/i18n/translations.ts",
        "hashed_secret": "0e52dbd82a47deab9253cf5cfc91847e3a5667fa",
        "is_verified": false,
        "line_number": 603
      },
      {
        "type": "Secret Keyword",
        "filename": "web/src/i18n/translations.ts",
        "hashed_secret": "6e37aebe5a0a8e035000596eca5d6219bb1fc0dc",
        "is_verified": false,
        "line_number": 604
      },
      {
        "type": "Secret Keyword",
        "filename": "web/src/i18n/translations.ts",
        "hashed_secret": "764078a78f5e784f3efb2fd5dbc409704e820ee2",
        "is_verified": false,
        "line_number": 605
      },
      {
        "type": "Secret Keyword",
        "filename": "web/src/i18n/translations.ts",
        "hashed_secret": "00239c738b3eda0a326f1271b3c27eeb6db36fb3",
        "is_verified": false,
        "line_number": 606
      },
      {
        "type": "Secret Keyword",
        "filename": "web/src/i18n/translations.ts",
        "hashed_secret": "5e0655e84917bec057e8cbb9d5bf0567d0a17aa2",
        "is_verified": false,
        "line_number": 607
      },
      {
        "type": "Secret Keyword",
        "filename": "web/src/i18n/translations.ts",
        "hashed_secret": "4c29f7f0335807c2524d8c36d531496aee23f473",
        "is_verified": false,
        "line_number": 620
      },
      {
        "type": "Secret Keyword",
        "filename": "web/src/i18n/translations.ts",
        "hashed_secret": "3fb75e3bfe4de94eb5198656fa9de95352dab915",
        "is_verified": false,
        "line_number": 623
      },
      {
        "type": "Secret Keyword",
        "filename": "web/src/i18n/translations.ts",
        "hashed_secret": "bf8804f07772036fc47c44e60c9c3ce7073e6891",
        "is_verified": false,
        "line_number": 624
      },
      {
        "type": "Secret Keyword",
        "filename": "web/src/i18n/translations.ts",
        "hashed_secret": "4894cb39ee419a77b480060f3e4a6d0a4d0fa01f",
        "is_verified": false,
        "line_number": 625
      },
      {
        "type": "Secret Keyword",
        "filename": "web/src/i18n/translations.ts",
        "hashed_secret": "a2b02516cf81fb4a00fefd551f3839dcd460a0a7",
        "is_verified": false,
        "line_number": 626
      },
      {
        "type": "Secret Keyword",
        "filename": "web/src/i18n/translations.ts",
        "hashed_secret": "249195a88b19c08da86496d183ec35ec18119966",
        "is_verified": false,
        "line_number": 630
      },
      {
        "type": "Secret Keyword",
        "filename": "web/src/i18n/translations.ts",
        "hashed_secret": "851626d0a98d81b64e6d48a10e82e24cbef71bb8",
        "is_verified": false,
        "line_number": 640
      },
      {
        "type": "Secret Keyword",
        "filename": "web/src/i18n/translations.ts",
        "hashed_secret": "ee1ff19fe95452a5ae3a68bc37814becdc717a14",
        "is_verified": false,
        "line_number": 664
      },
      {
        "type": "Secret Keyword",
        "filename": "web/src/i18n/translations.ts",
        "hashed_secret": "d69c3b1ac54be7da3666d9937b9c78e7c309d6e8",
        "is_verified": false,
        "line_number": 667
      },
      {
        "type": "Secret Keyword",
        "filename": "web/src/i18n/translations.ts",
        "hashed_secret": "6c56a9249cba324d029f725f1f7c0e47184e2dcf",
        "is_verified": false,
        "line_number": 669
      },
      {
        "type": "Secret Keyword",
        "filename": "web/src/i18n/translations.ts",
        "hashed_secret": "c017527b229f308f8ee200eb3139ddb9f11f97da",
        "is_verified": false,
        "line_number": 671
      },
      {
        "type": "Secret Keyword",
        "filename": "web/src/i18n/translations.ts",
        "hashed_secret": "c009a0aabea63191b1677f58932b6717a8ff8129",
        "is_verified": false,
        "line_number": 963
      },
      {
        "type": "Secret Keyword",
        "filename": "web/src/i18n/translations.ts",
        "hashed_secret": "e68847a0f717b2874fd4e7216f977df642d1649d",
        "is_verified": false,
        "line_number": 1090
      },
      {
        "type": "Secret Keyword",
        "filename": "web/src/i18n/translations.ts",
        "hashed_secret": "19e0dc9c2ee862cfac3a2d242ad5bb2ad21c0678",
        "is_verified": false,
        "line_number": 1093
      },
      {
        "type": "Secret Keyword",
        "filename": "web/src/i18n/translations.ts",
        "hashed_secret": "954d6c19a494868686563829804076b33cce2d18",
        "is_verified": false,
        "line_number": 1530
      },
      {
        "type": "Secret Keyword",
        "filename": "web/src/i18n/translations.ts",
        "hashed_secret": "b32cf95b2f727794ae90f4fc6d1ff58840165b9b",
        "is_verified": false,
        "line_number": 1532
      },
      {
        "type": "Secret Keyword",
        "filename": "web/src/i18n/translations.ts",
        "hashed_secret": "9efd7a2b7ad3ce648eb2240827c4235eeeec1334",
        "is_verified": false,
        "line_number": 1550
      },
      {
        "type": "Secret Keyword",
        "filename": "web/src/i18n/translations.ts",
        "hashed_secret": "b6ffb14fefec5a4ddfe5ae3529216cf6ccb02a9e",
        "is_verified": false,
        "line_number": 1559
      },
      {
        "type": "Secret Keyword",
        "filename": "web/src/i18n/translations.ts",
        "hashed_secret": "8b8b04b7127b372a70089d1720c0b8136a3dc272",
        "is_verified": false,
        "line_number": 1578
      },
      {
        "type": "Secret Keyword",
        "filename": "web/src/i18n/translations.ts",
        "hashed_secret": "0163adaee86c95c886d5a8792a46952843c826b4",
        "is_verified": false,
        "line_number": 1581
      },
      {
        "type": "Secret Keyword",
        "filename": "web/src/i18n/translations.ts",
        "hashed_secret": "4be83943767db4987e79501c5cd5b0cc12e68d42",
        "is_verified": false,
        "line_number": 1585
      },
      {
        "type": "Secret Keyword",
        "filename": "web/src/i18n/translations.ts",
        "hashed_secret": "fec3a924b12800585d29c6aadacfe9e36a483cd4",
        "is_verified": false,
        "line_number": 1586
      },
      {
        "type": "Secret Keyword",
        "filename": "web/src/i18n/translations.ts",
        "hashed_secret": "b34b0394a90089d91842d12d7e2741235e44e86e",
        "is_verified": false,
        "line_number": 1588
      },
      {
        "type": "Secret Keyword",
        "filename": "web/src/i18n/translations.ts",
        "hashed_secret": "d603cafee7321f3651c9b60d4af5a7fef4cf3379",
        "is_verified": false,
        "line_number": 1589
      },
      {
        "type": "Secret Keyword",
        "filename": "web/src/i18n/translations.ts",
        "hashed_secret": "4e9cb9f16f6fee8f3c3e4fe2992629086a8b96f5",
        "is_verified": false,
        "line_number": 1591
      },
      {
        "type": "Secret Keyword",
        "filename": "web/src/i18n/translations.ts",
        "hashed_secret": "f01ac8c7b331b5393624bedcd9bd8562490f4768",
        "is_verified": false,
        "line_number": 1598
      },
      {
        "type": "Secret Keyword",
        "filename": "web/src/i18n/translations.ts",
        "hashed_secret": "5dc53db263a972e2fa816b8263b087a76a6b1ed6",
        "is_verified": false,
        "line_number": 1721
      },
      {
        "type": "Secret Keyword",
        "filename": "web/src/i18n/translations.ts",
        "hashed_secret": "9a20c9249bb1fb30f0850db83e640e2f70ba5965",
        "is_verified": false,
        "line_number": 2117
      },
      {
        "type": "Secret Keyword",
        "filename": "web/src/i18n/translations.ts",
        "hashed_secret": "3a4af7f6be376fa2b6f5f3508e94a3a22b62cc14",
        "is_verified": false,
        "line_number": 2238
      }
    ]
  },
  "generated_at": "2026-01-03T15:22:04Z"
}
